[
  {
    "id": "T-063",
    "currentSourceSha256": "fe221284fe7835506255acb5fef57db2989cc1ac92672a13ca1871e4006425d2",
    "incidentHeadSha256": "43e91d7c8a3446e7692417f45f6ebed4e014b7800c04a50ac0033ac99a02741b",
    "restoredDescriptionLines": 6,
    "preservedCurrentAuthoredExtras": 0,
    "preparedSha256": "31c87ce9fe5c477c13489224c9b0925116674ddde9713cd6d88cb177f1ad243e"
  },
  {
    "id": "T-175",
    "currentSourceSha256": "dd810255a27765456bdaeb848ac89e9011b8c2de41ee60006d8e367947bb828b",
    "incidentHeadSha256": "3737df928ac74e1cc2abbdc0162befa00ffa5163b92ab002a3a5c62a0f4e875c",
    "restoredDescriptionLines": 17,
    "preservedCurrentAuthoredExtras": 0,
    "preparedSha256": "3737df928ac74e1cc2abbdc0162befa00ffa5163b92ab002a3a5c62a0f4e875c"
  },
  {
    "id": "T-180",
    "currentSourceSha256": "66c4997fd164af0a7ae65e73670917c4cd758a6495bdf0ae26dedb2b4950abfa",
    "incidentHeadSha256": "e4910ea2386bbf9b88cb2c41fe784882a51694e2a2dcb14f2e62282112d6d117",
    "restoredDescriptionLines": 9,
    "preservedCurrentAuthoredExtras": 0,
    "preparedSha256": "e4910ea2386bbf9b88cb2c41fe784882a51694e2a2dcb14f2e62282112d6d117"
  },
  {
    "id": "T-186",
    "currentSourceSha256": "85a194c3d06b546b127a451a88b3cdff73c78151c33d027a675ec610196b80ae",
    "incidentHeadSha256": "98079d838b085daff33f60a1023a30a816508d8220f12e5a9c50c6357d655bcc",
    "restoredDescriptionLines": 23,
    "preservedCurrentAuthoredExtras": 0,
    "preparedSha256": "75b0208093adf36b712210f6bcfec1ddbe5a3caa91adda56b0310585cbdf7447"
  },
  {
    "id": "T-187",
    "currentSourceSha256": "bb1bf59fbed3ac4bfe8acecbed4204ac661799f8dfdfb36d8cf7c01f5a47b4fb",
    "incidentHeadSha256": "f27ff44250934f3734e0659cccb9b06d00369c47b66b9fc74bf561202d07f63e",
    "restoredDescriptionLines": 8,
    "preservedCurrentAuthoredExtras": 0,
    "preparedSha256": "f27ff44250934f3734e0659cccb9b06d00369c47b66b9fc74bf561202d07f63e"
  },
  {
    "id": "T-194",
    "currentSourceSha256": "344a30d08814b3d597b9cc538416fd938019c4eb5a1c70ff703b9c48863a3881",
    "incidentHeadSha256": "b1635b52cff4fbf26468b7c1d7d00703d21fee394c52c75d074f24b30d5ad6b6",
    "restoredDescriptionLines": 7,
    "preservedCurrentAuthoredExtras": 0,
    "preparedSha256": "8a90f698db586ae28c6869e111808de4afc003c01868945f8569e5370af91982"
  },
  {
    "id": "T-212",
    "currentSourceSha256": "e0d8d326c14d1610cbe6100c86ead3267fa28ce48eb166e31b4c9966268dbf6d",
    "incidentHeadSha256": "85eb15f09ecc29700767e523022a27d975998145f719484a64c42895d17369ec",
    "restoredDescriptionLines": 12,
    "preservedCurrentAuthoredExtras": 0,
    "preparedSha256": "85eb15f09ecc29700767e523022a27d975998145f719484a64c42895d17369ec"
  },
  {
    "id": "T-213",
    "currentSourceSha256": "eeef93905d8dfcb8a8d854ccb8000731f4c9bdccf21be51690e3de1858e824f3",
    "incidentHeadSha256": "c1083c666b49687a15f6557dda2ea0d4674d284dc354c485675612cb68bae655",
    "restoredDescriptionLines": 8,
    "preservedCurrentAuthoredExtras": 0,
    "preparedSha256": "c1083c666b49687a15f6557dda2ea0d4674d284dc354c485675612cb68bae655"
  },
  {
    "id": "T-248",
    "currentSourceSha256": "4999932c4553a40a400d6198ba2f3b151fd33796ee6d3ac8e052444037b84aaa",
    "incidentHeadSha256": "0629dcc5766014d4e54c698ba505410e9a7316fb61d19dba503956a06f183e90",
    "restoredDescriptionLines": 10,
    "preservedCurrentAuthoredExtras": 0,
    "preparedSha256": "0629dcc5766014d4e54c698ba505410e9a7316fb61d19dba503956a06f183e90"
  },
  {
    "id": "T-254",
    "currentSourceSha256": "33fdafd5e353e1cecb3226da10644841026a428c8690ba4f28e1b0cb1b6765c1",
    "incidentHeadSha256": "a0a3472c386a8481e47698bbf6d54ebdacaa1a677d4d9932e6c79ec1c5ce7b8f",
    "restoredDescriptionLines": 6,
    "preservedCurrentAuthoredExtras": 0,
    "preparedSha256": "a0a3472c386a8481e47698bbf6d54ebdacaa1a677d4d9932e6c79ec1c5ce7b8f"
  },
  {
    "id": "T-257",
    "currentSourceSha256": "0d6ce025c45f53ea271e839d5f93f14b21a78f71a6f0aa850d03671a7a03347c",
    "incidentHeadSha256": "1c4d892bfe2513fd138013e34c8aabcab86696b1255d2fa2efe5c47d2bfefabc",
    "restoredDescriptionLines": 7,
    "preservedCurrentAuthoredExtras": 0,
    "preparedSha256": "3ecf2f96b0803de475c4c71f026de4330476ec755120a37e9dcbb2b90e5561a1"
  },
  {
    "id": "T-261",
    "currentSourceSha256": "e97718ffe9473adc7a6220392df24ec1d3d36368fac53cda184e01108693dcdf",
    "incidentHeadSha256": "4ac37aab54b687006980388164f7459d71da8ef7487ab3e556f83705b49bdfd9",
    "restoredDescriptionLines": 6,
    "preservedCurrentAuthoredExtras": 0,
    "preparedSha256": "86d3d33eab7e3b3d78bc26c086667d4c7f167fd01ef49f58ffcc3bc2896c5d79"
  },
  {
    "id": "T-268",
    "currentSourceSha256": "0651d54f7794c4773e68310bcf10d79e3931b4c75fa568ed674119a7bf74b9cc",
    "incidentHeadSha256": "09105c9ef46f8950a9e6434baf7a6799dcec11d3701b3eb6ae88b9a5dfae2d7a",
    "restoredDescriptionLines": 7,
    "preservedCurrentAuthoredExtras": 0,
    "preparedSha256": "09105c9ef46f8950a9e6434baf7a6799dcec11d3701b3eb6ae88b9a5dfae2d7a"
  },
  {
    "id": "T-271",
    "currentSourceSha256": "f4690e5235d6b787e62776cffa38c96bc74b80cf1ecf8986dac67a55a7133642",
    "incidentHeadSha256": "8c81d4f0af3abbc81758cec6fe92c4335848ae1f41496d22b831f3c03d17e104",
    "restoredDescriptionLines": 9,
    "preservedCurrentAuthoredExtras": 0,
    "preparedSha256": "8c81d4f0af3abbc81758cec6fe92c4335848ae1f41496d22b831f3c03d17e104"
  },
  {
    "id": "T-274",
    "currentSourceSha256": "cd72987d8896d54895a6e503b453b709025a4e07d00e832d3ba9e80e5852b03d",
    "incidentHeadSha256": "f8d9f39d989c3c7a4cac33b653621e63e74eacf0010503028453c60ad0ac9364",
    "restoredDescriptionLines": 6,
    "preservedCurrentAuthoredExtras": 0,
    "preparedSha256": "f8d9f39d989c3c7a4cac33b653621e63e74eacf0010503028453c60ad0ac9364"
  }
]
