npm warn Unknown project config "enable-pre-post-scripts". This will stop working in the next major version of npm. See `npm help npmrc` for supported config options.

> build:sync-engine
> npm run build --workspace @mapctx/protocol && npm run build --workspace @mapctx/core && npm run build --workspace @mapctx/store && npm run build --workspace @mapctx/planner && npm run build --workspace @mapctx/forecast && npm run build --workspace @mapctx/sync-engine

npm warn Unknown env config "enable-pre-post-scripts". This will stop working in the next major version of npm. See `npm help npmrc` for supported config options.
npm warn Unknown project config "enable-pre-post-scripts". This will stop working in the next major version of npm. See `npm help npmrc` for supported config options.

> @mapctx/protocol@0.1.0 build
> tsc -p tsconfig.json

npm warn Unknown env config "enable-pre-post-scripts". This will stop working in the next major version of npm. See `npm help npmrc` for supported config options.
npm warn Unknown project config "enable-pre-post-scripts". This will stop working in the next major version of npm. See `npm help npmrc` for supported config options.

> @mapctx/core@0.1.0 build
> tsc -p tsconfig.json

npm warn Unknown env config "enable-pre-post-scripts". This will stop working in the next major version of npm. See `npm help npmrc` for supported config options.
npm warn Unknown project config "enable-pre-post-scripts". This will stop working in the next major version of npm. See `npm help npmrc` for supported config options.

> @mapctx/store@0.1.0 build
> tsc -p tsconfig.json

npm warn Unknown env config "enable-pre-post-scripts". This will stop working in the next major version of npm. See `npm help npmrc` for supported config options.
npm warn Unknown project config "enable-pre-post-scripts". This will stop working in the next major version of npm. See `npm help npmrc` for supported config options.

> @mapctx/planner@0.1.0 build
> tsc -p tsconfig.json

npm warn Unknown env config "enable-pre-post-scripts". This will stop working in the next major version of npm. See `npm help npmrc` for supported config options.
npm warn Unknown project config "enable-pre-post-scripts". This will stop working in the next major version of npm. See `npm help npmrc` for supported config options.

> @mapctx/forecast@0.1.0 build
> tsc -p tsconfig.json

npm warn Unknown env config "enable-pre-post-scripts". This will stop working in the next major version of npm. See `npm help npmrc` for supported config options.
npm warn Unknown project config "enable-pre-post-scripts". This will stop working in the next major version of npm. See `npm help npmrc` for supported config options.

> @mapctx/sync-engine@0.2.0 build
> rm -rf node_modules/@mapctx/core && tsc -p tsconfig.json && chmod +x dist/cli.js dist/mapctx-cli.js && rm -rf dist/workspace-ui && mkdir -p dist/workspace-ui && cp ../vscode-extension/src/html/workspaceV2.* dist/workspace-ui/

build exit 0
