npm warn Unknown project config "enable-pre-post-scripts". This will stop working in the next major version of npm. See `npm help npmrc` for supported config options.

> @mapctx/store@0.1.0 test
> npm run build && node --test dist/**/*.test.js

npm warn Unknown env config "enable-pre-post-scripts". This will stop working in the next major version of npm. See `npm help npmrc` for supported config options.
npm warn Unknown project config "enable-pre-post-scripts". This will stop working in the next major version of npm. See `npm help npmrc` for supported config options.

> @mapctx/store@0.1.0 build
> tsc -p tsconfig.json

✔ T-121 regression (ELA T-063): authored review note inside Acceptance survives export in place (2185.976834ms)
✔ T-121 regression: authored plain-bullet evidence list inside Acceptance survives export (516.33225ms)
✔ T-121 regression: interleaved evidence note keeps its position between its criteria (684.922ms)
✔ T-121: legacy plain bullet that is a canonical criterion renders exactly once as a checkbox (598.389209ms)
✔ T-121: export is idempotent and canonical state wins over the stale mirror (454.435875ms)
✔ T-121: nested headings and fenced examples inside Acceptance survive in place, idempotently (0.762667ms)
✔ T-121: an unclosed fence inside the section refuses before publication (0.904291ms)
✔ T-121: multiple real Acceptance sections refuse before publication (0.2095ms)
✔ T-121: duplicate legacy bullets consume the criterion once; the duplicate stays authored prose (0.338875ms)
✔ T-121: a stale checkbox bullet that matches no current criterion is dropped (store owns the section) (0.510334ms)
✔ T-121 (attempt-4 P1): criteria added after a trailing authored note refuse (association is uncertain) (0.143083ms)
✔ T-121: criteria added with no authored prose after the first criterion render in place, idempotently (0.153541ms)
✔ T-121: export refuses an in-section unclosed fence before any write (504.930125ms)
✔ T-121 F2: dropping a renamed/removed criterion strands adjacent evidence -> refuse before write (407.231458ms)
✔ T-121 F3: checkbox-only reorder renders canonical order, idempotently (3.586791ms)
✔ T-121 F3: reorder with interleaved authored note refuses before publication (1.028333ms)
✔ T-121 F3: reorder with preface-only authored prose keeps the preface and renders canonical order (1.819917ms)
✔ T-121 F3 (attempt-4 P1, reviewer repro 1): reorder with trailing evidence refuses before publication (5.61425ms)
✔ T-121 F3 (attempt-4 P1, reviewer repro 2): added criterion with trailing evidence refuses before publication (0.367416ms)
✔ T-121 F3: trailing fenced example with reordered criteria refuses before publication (0.3715ms)
✔ T-121 F3: trailing nested heading with reordered criteria refuses before publication (0.138458ms)
✔ T-121: owned criteria appended AFTER authored-only prose; no association is invented (0.206458ms)
✔ T-121 F3: missing criterion with interleaved authored prose refuses (insertion would reassociate) (0.328667ms)
✔ T-121 F4: matched nested bullet keeps its indentation and hierarchy (0.211375ms)
✔ T-121 F4: reorder with indented (hierarchical) bullets refuses before publication (0.171541ms)
✔ T-121 F1: unowned render preserves authored-only section and refuses stale checkboxes (0.514292ms)
✔ T-121 F1: export with canonical EMPTY revision preserves authored prose and refuses stranded evidence (1105.698958ms)
✔ Acceptance import pins observed bytes and maps only explicit checkboxes (5255.698875ms)
✔ new Acceptance revision resets approvals, protects expected revision, and empty revision keeps counter (3063.990833ms)
✔ done gate uses canonical Acceptance and never reads local detail changes (2889.07675ms)
✔ library revise/approve/unapprove REQUIRE expectRevision and refuse without it (zero events) (3641.407209ms)
✔ raw acceptance.revised cannot carry approval metadata into a pending new revision (zero writes) (3733.971042ms)
✔ attestation draft refuses nodes that are not DB-only (1558.752042ms)
✔ attestation draft verifies payload hashes under both documented schemes and pins exact bytes (1053.469958ms)
✔ attestation commit requires the exact reviewed token and is duplicate-safe (1242.574083ms)
✔ malformed attestation files are a loud failure, never silently ignored (476.803083ms)
✔ verifyRowPayloadHash accepts canonical and compact-legacy schemes only (261.364917ms)
✔ repair refuses a DB-only node without an attestation and leaves the database untouched (477.44425ms)
✔ repair replays attested DB-only rows byte-exactly and treats the absent prefix as declared (1480.505166ms)
✔ repair fails closed when an intact database drifts from, loses, or gains attested rows (1176.373458ms)
✔ repair refuses unexpected journal data on an attested DB-only node (847.723375ms)
✔ repair restores attested rows from the attestation alone when the database is corrupt (816.734917ms)
✔ an unattested new DB-only node still fails repair closed after another node is attested (1012.873459ms)
✔ approval publishes an independent witness and refuses to run without it (2572.049208ms)
✔ partial attestation file damage still yields named gaps via the witness (1128.337291ms)
✔ crash after witness publishes no file; witness survives; repair refuses; re-approval is idempotent (948.703333ms)
✔ divergent watermark refuses both draft and repair; repair demands the witness for attested nodes (1482.6805ms)
✔ raw causation bytes survive replay across repeated repairs (all 11 columns) (1331.775417ms)
✔ invalid drafts fail validation before any token, witness, or file exists (597.523042ms)
✔ re-confirmation restores a missing witness via the normal commands, conserving original approval metadata (1827.243708ms)
✔ re-confirmation refuses divergent content and divergent witness with zero writes (1396.213208ms)
✔ accounts are event-sourced, resolvable by id or unique name, and duplicates are refused (2487.008ms)
✔ plan periods are account-scoped through the re-scoped projection (568.8605ms)
✔ projects declare which accounts they draw from (replace-all bindings) (1024.598917ms)
✔ budget.set revisions keep history and latest-wins resolution is event-order correct (470.307708ms)
✔ budget scope for epics is transitive descendants; project scope is every task (541.721584ms)
✔ money rollup: cash plus allocated count, unpriced stays unattributed, coverage degrades honestly (1076.207083ms)
✔ honest no-data states: no dispatches, empty usage/cost data, unattributed, cross-currency (717.917166ms)
✔ time rollup consumes receipt wall clock and reports its basis (903.3765ms)
✔ R15: dated money budgets are refused at budget.set (724.093125ms)
✔ R15: dated time budgets consume only the receipt/period intersection (1423.557125ms)
✔ R16: negative costs net as credits with sign-independent coverage (1281.457708ms)
✔ R7: money rollup refuses aggregates beyond safe-integer range (1755.513833ms)
✔ rollup determinism: status JSON is byte-identical across reads and after full journal rebuild (1600.07825ms)
✔ epic detail export carries the generated budget projection, round-trip stable (629.365ms)
✔ claimTask: concurrent claims on the same task -- exactly one winner (2171.625958ms)
✔ renewClaim rejects a mismatched lease token and accepts the correct one (675.607167ms)
✔ releaseClaim frees the task for a new claim; a dead lease auto-expires on the next attempt (1381.899208ms)
✔ claimTask: claiming starts work -- backlog reaches in-progress through the legal path (495.724958ms)
✔ claimTask: ready claims jump straight to in-progress; done tasks refuse to be claimed (773.33575ms)
✔ claimTask requires workload and estimated effort for executable tasks but exempts epics (1040.1545ms)
✔ R11: releasing a lease under a running dispatch preserves execution and its receipt (692.175541ms)
✔ R11: a done task refuses both claim and fresh dispatch (1308.895584ms)
✔ R11: completed execution is not reset when planning moves to done (968.181542ms)
✔ queryTask returns store task/detail and deterministic bounded context metadata (2392.592709ms)
✔ dispatch attempt and receipt persist losslessly and query by task (2490.580125ms)
✔ schema-valid run events persist append-only, round-trip, order, and deduplicate by sequence (953.872625ms)
✔ usage, cost, and immutable estimate projections survive event replay (775.179084ms)
✔ receipt write uses evaluateRunReceipt for duplicate, stale, unknown and mismatch (449.899917ms)
✔ older attempt-1 receipt rejected as stale after expiry, legal reclaim, and attempt 2 (736.139166ms)
✔ retryable failed receipt re-opens through legal admission: release, reclaim, attempt 2 succeeds (1200.253208ms)
✔ dispatch admission alone re-opens a failed execution via the journaled retry-admission patch (896.067958ms)
✔ completed execution admits a new attempt without erasing the prior receipt (1401.325333ms)
✔ receipt is immediately visible from another StoreHandle (700.511166ms)
✔ R11 release preserves running/completed execution and receipt admission (1440.752375ms)
✔ R11 expire preserves running/completed execution and receipt admission (1808.136875ms)
✔ R11 reclaim preserves running/completed execution and receipt admission (1309.768791ms)
✔ R9: blocked receipt keeps dispatch/execution blocked and planning exportable (635.614542ms)
✔ checkDrift/validateStoreRegime: clean right after cutover, flags a manual edit per task ID (3102.824125ms)
✔ reconcile discard reverts the manual edit; reconcile accept writes it into the store with manual-reconcile provenance (2541.585959ms)
✔ reconcile accept refuses a manual move to done when acceptance is incomplete (2489.607875ms)
✔ reconcile detects source-only drift and supports discard and accept (3313.628125ms)
✔ reconcile stamps edited legacy effort active and refuses invalid authored planning (3836.008791ms)
✔ validateStoreRegime fails closed as not-materialized when plansAuthority=store but no local mapctx.db exists (3250.723792ms)
✔ R8: swapping two whole task blocks is drift even though parsed fields match (3468.12875ms)
✔ R8: parser-ignored prose inside a task block still reports drift (3537.344333ms)
✔ N1: tilde fence content is opaque; only the real section is stripped; tail survives (2.5815ms)
✔ N1: four-backtick fence wraps triple-backtick lines; closes only on a >= run (0.295375ms)
✔ N1: inline triple-backtick span is prose, never a fence opener (0.2625ms)
✔ N1: closers need the same character, a >= run, and only whitespace after (0.189417ms)
✔ N1: indented (<=3 spaces) fences open and close; CRLF is normalized (0.278291ms)
✔ N1: unclosed fence in KEPT prose is flagged; unclosed fence inside the section is not (0.214542ms)
✔ N1: strip is idempotent and parse finds nothing acceptance-like after stripping fenced examples (0.194833ms)
✔ N1: parse/strip agreement over a deterministic mixed corpus vs an independent reference (35.895417ms)
✔ N1: the import parser never treats fenced examples as observed approvals (0.36475ms)
✔ history evidence records on a done task without any lifecycle mutation (1387.900208ms)
✔ evidence registration is idempotent and refuses conflicting content (568.16325ms)
✔ correction invalidates evidence and receipts; originals stay queryable; replay is faithful (1730.525333ms)
✔ epic-owned history-scan receipts are correctable: canonical E-* targets, originals preserved (1528.525042ms)
✔ evidence validation rejects malformed records (704.628167ms)
✔ review2 finding2: malformed receipt targets are refused before journaling (1149.988125ms)
✔ review2 finding5: impossible dates, bad activeMs, non-enum signals, extra keys all refused (596.036375ms)
✔ planImport reports zero errors and preserves order/count on the golden fixture (714.858541ms)
✔ planImport fails closed on duplicate ids, missing dependencies, and missing detail files (935.484917ms)
✔ planImport fails closed on canonical-looking symlinked detail paths, in-repo or outside-repo (2080.927916ms)
✔ importCommit: cutover writes mapctx.toml with plansAuthority=store, deletes mapcs.config.json, and one export round-trips byte-identically (3159.988541ms)
✔ agent-active effort and waitReason survive import, projection, export, and re-import (4002.563833ms)
✔ importCommit refuses to run twice against the same repo (mapctx.toml already exists) (3409.942666ms)
✔ recoverStoreFromCheckpoint rebuilds a fresh store (new node/incarnation, same projectId) from the last git-committed TASKS.md (4727.741666ms)
✔ importDryRun reports the project, board path, task count, and the markdown -> store transition it would perform (680.682833ms)
✔ importDryRun after cutover names the existing project and refuses a second import instead of reporting wouldCommit (1480.647917ms)
✔ importDryRun reports uncommitted board changes as blockers rather than letting the cutover commit sweep them in (735.191666ms)
✔ planImport raises unrepresentable-field-value as an error when the parser drops an out-of-enum value (721.787917ms)
✔ cutover fails closed on prerequisites-dependson-mismatch: dry-run names it as a blocker and importCommit refuses (585.708042ms)
✔ R5 noncanonical prose path refuses cutover before writes (destination occupied=false) (738.016542ms)
✔ R5 noncanonical prose path refuses cutover before writes (destination occupied=true) (717.810209ms)
✔ R1 rejected callback and invalid projection never become replayable, even when append errors are caught (1893.631625ms)
✔ R1 process death during callback: replay accepts all or none of the batch (1237.479542ms)
✔ R1 process death during staging: replay accepts all or none of the batch (1248.657042ms)
✔ R1 process death during published: replay accepts all or none of the batch (1770.283375ms)
✔ R2 writer waiting before BEGIN sees A's published batch without overwrite or double replay (1677.687541ms)
✔ R2 writer waiting before BEGIN sees A's commit batch without overwrite or double replay (1809.98625ms)
✔ R3 concurrent automatic creation preserves identity and detail (1300.457417ms)
✔ R3 concurrent explicit creation preserves identity and detail (1195.554834ms)
✔ R4 self/ancestor cycles rejected across patch/upsert; corrupt historical rollup terminates (1389.506375ms)
✔ R1 caught SQLite commit failure removes the published batch before releasing the lock (279.258625ms)
✔ R2 recovery refuses a noncontiguous pending journal without allocating across the gap (309.114709ms)
(node:27195) Warning: Journal committed; watermark update failed: Error: injected meta rename failure
(Use `node --trace-warnings ...` to show where the warning was created)
✔ P1 watermark: concurrent out-of-order post-commit updates converge on the max and stay parseable (493.452208ms)
✔ P1 watermark persistence failure: commit stays accepted, store records the stale marker, repair keeps loss detection, open self-heals (455.22725ms)
✔ P1 parent-fsync failure after single-entry publication durably removes the entry before rejecting (331.656791ms)
✔ P1 parent-fsync failure after batch publication durably removes the whole batch before rejecting (225.912917ms)
✔ P1 cleanup fsync failure surfaces an explicit INDETERMINATE outcome instead of a safe-sounding rejection (210.614333ms)
✔ openDatabase creates schema_migrations and applies migrations exactly once (204.895542ms)
✔ existing v1 store upgrades without losing v1 data (1071.806875ms)
✔ existing v3 store upgrades to 004 without losing plan period data (865.000375ms)
✔ existing v5 store upgrades to v6 with legacy effort provenance left nullable (603.644084ms)
✔ openDatabase rejects a diverged migration checksum (185.610083ms)
✔ StoreHandle.open materializes store-meta.json, mapctx.db, and integrity checks pass (397.957875ms)
✔ property: store state -> export -> reimport is a fixed point on the Markdown-representable field set (18812.459583ms)
✔ R14: openReadOnly reads data without migrations, reindex, or metadata writes (728.811875ms)
✔ R14: pending journal entry surfaces as an explicit maintenance condition (721.523042ms)
✔ R14 P2#2: maintenance-needed is a distinct validate status with a repair remedy (1386.189292ms)
✔ R14 P3#8: hard-crash leftovers are readable-with-recovery or named repair-needed (1457.813417ms)
✔ store repair rebuilds mapctx.db from the independent journal when the SQLite file is corrupt (1482.945541ms)
✔ store repair reports a named gap for a missing journal entry and leaves mapctx.db untouched (1633.195167ms)
✔ store repair detects a fully-deleted trailing journal entry via the sequence watermark, not just directory listing (710.86275ms)
✔ store repair with an intact, non-corrupt store is a safe no-op reprojection (2222.363208ms)
✔ R12: live maintenance lock refuses open and writes; repair refuses too (2010.049917ms)
✔ R12: a stale maintenance lock left by a dead process is stolen, not a permanent brick (1898.843666ms)
✔ R12 P2#1: repair removes a stale -wal/-shm so the replacement is never paired with old frames (621.92325ms)
✔ R12 P3#4: an aged lock is stale even with a live PID, and open/write recover (361.340542ms)
✔ T-118: repair replays a historical dispatch on a then-legal terminal task from a multi-node journal (433.794ms)
✔ T-118: repeated repair replay is deterministic (441.057625ms)
✔ T-118: repair replay distinguishes imported historical dispatch from a forbidden NEW dispatch on a terminal task (293.952916ms)
✔ T-118 P1: repair fails closed with a named gap when an intact DB indexes a node absent from journal and watermarks (553.897583ms)
✔ T-118 P1: a corrupt database contributes no floor -- nodes are never derived from untrusted rows (760.704083ms)
✔ T-118 P2: raw appendEvent refuses a fresh dispatch.attempted onto a terminal task and journals nothing (236.734292ms)
✔ T-118 P2: runInWriteTransaction callback refuses a terminal dispatch and aborts the whole transaction (306.856667ms)
✔ T-118 P2: raw writer refuses an illegal execution transition without the retry-admission reset (289.156792ms)
✔ T-118 P2: raw writer refuses a completed receipt whose task is not in-progress or review (293.096958ms)
✔ T-118 P2: crash-window reindex still projects already-journaled history without re-adjudication (306.345125ms)
✔ T-118 P2a: blocked receipt on a terminal-planning task is refused by BOTH command and raw writer, journaling nothing (723.381541ms)
✔ T-118 P2a: a composed transaction rolls back fully when its raw blocked receipt is refused (235.697042ms)
✔ T-118 P2a: failed receipt parity -- in-progress/blocked tasks accept it via both command and raw writer (417.320792ms)
✔ T-118 P2a: completed receipt parity -- refusal reason is identical on both paths (383.161459ms)
✔ T-118 P2a: blocked receipt good path -- in-progress task accepts it via raw writer; planning stays exportable (R9) (100.330792ms)
✔ foldSearchText strips diacritics and lowercases (7.691666ms)
✔ searchTasks matches accent-folded titles and ranks title matches first (3795.5905ms)
✔ searchTasks matches summary text only (3337.7605ms)
✔ searchTasks ANDs terms across fields (1572.884875ms)
✔ searchTasks filters by status and honors limit (2098.003625ms)
✔ searchTasks returns no matches for blank queries (1696.025ms)
✔ start persists claim, planning hops and dispatch together; competing start loses (1463.870667ms)
✔ dispatch failure rolls back claim, expiry and planning events, including durable journal (824.342208ms)
✔ start retry keeps completed receipt and rejects unknown or other-task dispatch before claiming (1833.3415ms)
✔ start rejects terminal, unknown and incomplete planning without events (1412.133625ms)
✔ waitReason validates and survives projection reads (1728.266875ms)
✔ T-102 predictedStart patches, validates, clears, and survives projection reads (2044.435166ms)
✔ createTask retains waitReason through event, projection, and export; rejects invalid input (1689.297ms)
✔ acceptance parser requires explicit checks and keeps nested acceptance headings in scope (1.576959ms)
✔ moveTask follows the planning state machine and stamps completedOn on done (1289.02025ms)
✔ moveTask refuses illegal transitions, unknown states, unexportable states, and unknown tasks (648.014958ms)
✔ reopenTask moves done to review, clears completion, and records audit provenance (628.296708ms)
✔ moveTask to done or cancelled releases an active claim (710.083792ms)
✔ moveTask to cancelled releases the claim, stamps no completedOn, exports, and reopens to review (614.75075ms)
✔ updateTask patches whitelisted fields and refuses unknown fields, no-changes, and unknown tasks (399.751041ms)
✔ updateTask --depends-on/--blocking replace edges and detail lists together (392.243625ms)
✔ createTask auto-assigns the next free id and lands at the end of the board (326.344625ms)
✔ createTask refuses duplicate ids, bad types, unknown parents, unknown deps, and unexportable states (352.867292ms)
✔ createTask and updateTask reject noncanonical workload and nonpositive or malformed effort (397.152417ms)
✔ updateTask accepts explicit null effort as a clear and removes active provenance (425.948458ms)
✔ regenerated export reflects moves and updates byte-for-byte (drift stays PASS) (390.720833ms)
✔ completed receipt on a task that was never claimed is rejected with the remedy; the retroactive attestation path is accepted (436.74325ms)
✔ store validate is identical across divergent or absent worktree mirrors and performs no writes (1634.921666ms)
✔ store validate reports pending schema migration without applying it (2078.625333ms)
✔ F1: null due/completed with a startDate is valid; order errors only when both dates exist (397.197834ms)
✔ F2: canonical validate restores domain/date/specMode/state/title/type and edge guarantees (417.477917ms)
✔ F2: domains without declared project work domains are an error (353.487041ms)
✔ T-092: done requires completedOn; terminal cancelled/archived may be null or keep legacy date; non-terminal date rejected (447.326ms)
✔ N3: external-id-format and empty-work-domains warnings port DB-only at warning severity (481.872959ms)
✔ wave violation persists, queries, survives reopen, and is idempotent (724.227625ms)
✔ incomplete or failed wave emits nothing (558.369958ms)
✔ failed terminal receipt also suppresses the whole wave (552.020292ms)
✔ dispatch freezes the planned workload at hand-off; untagged stays null (643.018334ms)
✔ client-supplied workloadAtDispatch is ignored -- the store stamps the board's belief (306.916542ms)
✔ executorModel is captured as a raw fact when supplied, null otherwise (349.004125ms)
✔ receipt freezes the discovered workload; planned stamp survives re-classification (309.879125ms)
✔ untagged runs never gain a guessed workload on either stamp (186.831584ms)
✔ workload stamps survive projection rebuild from the event log (243.60175ms)
ℹ tests 219
ℹ suites 0
ℹ pass 219
ℹ fail 0
ℹ cancelled 0
ℹ skipped 0
ℹ todo 0
ℹ duration_ms 41316.256167
