{
  "generatedAt": "2026-10-05T15:46:37.835Z",
  "sourceElaHead": "d6b6f581aaff1c44da865bdfc77e329b38a699f9",
  "sourceElaHeadEnd": "d6b6f581aaff1c44da865bdfc77e329b38a699f9",
  "incidentHead": "fc3a5e2",
  "reportedPathHashesBefore": {
    "T-063": "fe221284fe7835506255acb5fef57db2989cc1ac92672a13ca1871e4006425d2",
    "T-175": "dd810255a27765456bdaeb848ac89e9011b8c2de41ee60006d8e367947bb828b",
    "T-180": "66c4997fd164af0a7ae65e73670917c4cd758a6495bdf0ae26dedb2b4950abfa",
    "T-186": "85a194c3d06b546b127a451a88b3cdff73c78151c33d027a675ec610196b80ae",
    "T-187": "bb1bf59fbed3ac4bfe8acecbed4204ac661799f8dfdfb36d8cf7c01f5a47b4fb",
    "T-194": "344a30d08814b3d597b9cc538416fd938019c4eb5a1c70ff703b9c48863a3881",
    "T-212": "e0d8d326c14d1610cbe6100c86ead3267fa28ce48eb166e31b4c9966268dbf6d",
    "T-213": "eeef93905d8dfcb8a8d854ccb8000731f4c9bdccf21be51690e3de1858e824f3",
    "T-248": "4999932c4553a40a400d6198ba2f3b151fd33796ee6d3ac8e052444037b84aaa",
    "T-254": "33fdafd5e353e1cecb3226da10644841026a428c8690ba4f28e1b0cb1b6765c1",
    "T-257": "0d6ce025c45f53ea271e839d5f93f14b21a78f71a6f0aa850d03671a7a03347c",
    "T-261": "e97718ffe9473adc7a6220392df24ec1d3d36368fac53cda184e01108693dcdf",
    "T-268": "0651d54f7794c4773e68310bcf10d79e3931b4c75fa568ed674119a7bf74b9cc",
    "T-271": "f4690e5235d6b787e62776cffa38c96bc74b80cf1ecf8986dac67a55a7133642",
    "T-274": "cd72987d8896d54895a6e503b453b709025a4e07d00e832d3ba9e80e5852b03d"
  },
  "reportedPathHashesAfter": {
    "T-063": "fe221284fe7835506255acb5fef57db2989cc1ac92672a13ca1871e4006425d2",
    "T-175": "dd810255a27765456bdaeb848ac89e9011b8c2de41ee60006d8e367947bb828b",
    "T-180": "66c4997fd164af0a7ae65e73670917c4cd758a6495bdf0ae26dedb2b4950abfa",
    "T-186": "85a194c3d06b546b127a451a88b3cdff73c78151c33d027a675ec610196b80ae",
    "T-187": "bb1bf59fbed3ac4bfe8acecbed4204ac661799f8dfdfb36d8cf7c01f5a47b4fb",
    "T-194": "344a30d08814b3d597b9cc538416fd938019c4eb5a1c70ff703b9c48863a3881",
    "T-212": "e0d8d326c14d1610cbe6100c86ead3267fa28ce48eb166e31b4c9966268dbf6d",
    "T-213": "eeef93905d8dfcb8a8d854ccb8000731f4c9bdccf21be51690e3de1858e824f3",
    "T-248": "4999932c4553a40a400d6198ba2f3b151fd33796ee6d3ac8e052444037b84aaa",
    "T-254": "33fdafd5e353e1cecb3226da10644841026a428c8690ba4f28e1b0cb1b6765c1",
    "T-257": "0d6ce025c45f53ea271e839d5f93f14b21a78f71a6f0aa850d03671a7a03347c",
    "T-261": "e97718ffe9473adc7a6220392df24ec1d3d36368fac53cda184e01108693dcdf",
    "T-268": "0651d54f7794c4773e68310bcf10d79e3931b4c75fa568ed674119a7bf74b9cc",
    "T-271": "f4690e5235d6b787e62776cffa38c96bc74b80cf1ecf8986dac67a55a7133642",
    "T-274": "cd72987d8896d54895a6e503b453b709025a4e07d00e832d3ba9e80e5852b03d"
  },
  "realElaUntouched": true,
  "copy": {
    "root": "/tmp/mapctx-acceptance-prose-preservation/reviewer-attempt5-ela-copy-S7zwYf",
    "repoFilesBeforeCheckpoint": 320,
    "checkpointOneFiles": 320,
    "checkpointTwoFiles": 320,
    "changedFilesOnCheckpoint1": [
      "TASKS.md",
      "tasks/E-001.md",
      "tasks/E-002.md",
      "tasks/E-003.md",
      "tasks/E-004.md",
      "tasks/E-005.md",
      "tasks/E-006.md",
      "tasks/E-007.md",
      "tasks/E-008.md",
      "tasks/E-009.md",
      "tasks/E-010.md",
      "tasks/E-011.md",
      "tasks/E-012.md",
      "tasks/E-013.md",
      "tasks/T-001.md",
      "tasks/T-002.md",
      "tasks/T-003.md",
      "tasks/T-004.md",
      "tasks/T-005.md",
      "tasks/T-006.md",
      "tasks/T-007.md",
      "tasks/T-008.md",
      "tasks/T-009.md",
      "tasks/T-010.md",
      "tasks/T-011.md",
      "tasks/T-012.md",
      "tasks/T-013.md",
      "tasks/T-014.md",
      "tasks/T-015.md",
      "tasks/T-016.md",
      "tasks/T-017.md",
      "tasks/T-018.md",
      "tasks/T-019.md",
      "tasks/T-020.md",
      "tasks/T-021.md",
      "tasks/T-022.md",
      "tasks/T-023.md",
      "tasks/T-024.md",
      "tasks/T-025.md",
      "tasks/T-026.md",
      "tasks/T-027.md",
      "tasks/T-028.md",
      "tasks/T-029.md",
      "tasks/T-030.md",
      "tasks/T-031.md",
      "tasks/T-032.md",
      "tasks/T-033.md",
      "tasks/T-034.md",
      "tasks/T-035.md",
      "tasks/T-036.md",
      "tasks/T-037.md",
      "tasks/T-038.md",
      "tasks/T-039.md",
      "tasks/T-040.md",
      "tasks/T-041.md",
      "tasks/T-042.md",
      "tasks/T-043.md",
      "tasks/T-044.md",
      "tasks/T-045.md",
      "tasks/T-046.md",
      "tasks/T-047.md",
      "tasks/T-048.md",
      "tasks/T-049.md",
      "tasks/T-050.md",
      "tasks/T-051.md",
      "tasks/T-052.md",
      "tasks/T-053.md",
      "tasks/T-054.md",
      "tasks/T-055.md",
      "tasks/T-056.md",
      "tasks/T-057.md",
      "tasks/T-058.md",
      "tasks/T-059.md",
      "tasks/T-060.md",
      "tasks/T-061.md",
      "tasks/T-062.md",
      "tasks/T-063.md",
      "tasks/T-064.md",
      "tasks/T-065.md",
      "tasks/T-066.md",
      "tasks/T-067.md",
      "tasks/T-068.md",
      "tasks/T-069.md",
      "tasks/T-070.md",
      "tasks/T-071.md",
      "tasks/T-072.md",
      "tasks/T-073.md",
      "tasks/T-074.md",
      "tasks/T-075.md",
      "tasks/T-076.md",
      "tasks/T-077.md",
      "tasks/T-078.md",
      "tasks/T-079.md",
      "tasks/T-080.md",
      "tasks/T-081.md",
      "tasks/T-082.md",
      "tasks/T-083.md",
      "tasks/T-084.md",
      "tasks/T-085.md",
      "tasks/T-086.md",
      "tasks/T-087.md",
      "tasks/T-089.md",
      "tasks/T-090.md",
      "tasks/T-092.md",
      "tasks/T-093.md",
      "tasks/T-094.md",
      "tasks/T-096.md",
      "tasks/T-097.md",
      "tasks/T-099.md",
      "tasks/T-100.md",
      "tasks/T-101.md",
      "tasks/T-102.md",
      "tasks/T-103.md",
      "tasks/T-104.md",
      "tasks/T-105.md",
      "tasks/T-106.md",
      "tasks/T-108.md",
      "tasks/T-110.md",
      "tasks/T-111.md",
      "tasks/T-119.md",
      "tasks/T-120.md",
      "tasks/T-121.md",
      "tasks/T-122.md",
      "tasks/T-123.md",
      "tasks/T-124.md",
      "tasks/T-125.md",
      "tasks/T-126.md",
      "tasks/T-127.md",
      "tasks/T-128.md",
      "tasks/T-129.md",
      "tasks/T-130.md",
      "tasks/T-131.md",
      "tasks/T-132.md",
      "tasks/T-134.md",
      "tasks/T-135.md",
      "tasks/T-136.md",
      "tasks/T-137.md",
      "tasks/T-138.md",
      "tasks/T-139.md",
      "tasks/T-140.md",
      "tasks/T-141.md",
      "tasks/T-142.md",
      "tasks/T-143.md",
      "tasks/T-144.md",
      "tasks/T-145.md",
      "tasks/T-146.md",
      "tasks/T-147.md",
      "tasks/T-148.md",
      "tasks/T-149.md",
      "tasks/T-151.md",
      "tasks/T-152.md",
      "tasks/T-153.md",
      "tasks/T-154.md",
      "tasks/T-155.md",
      "tasks/T-156.md",
      "tasks/T-157.md",
      "tasks/T-158.md",
      "tasks/T-159.md",
      "tasks/T-160.md",
      "tasks/T-162.md",
      "tasks/T-163.md",
      "tasks/T-164.md",
      "tasks/T-165.md",
      "tasks/T-166.md",
      "tasks/T-167.md",
      "tasks/T-169.md",
      "tasks/T-170.md",
      "tasks/T-172.md",
      "tasks/T-173.md",
      "tasks/T-174.md",
      "tasks/T-175.md",
      "tasks/T-176.md",
      "tasks/T-177.md",
      "tasks/T-179.md",
      "tasks/T-180.md",
      "tasks/T-181.md",
      "tasks/T-182.md",
      "tasks/T-183.md",
      "tasks/T-185.md",
      "tasks/T-186.md",
      "tasks/T-187.md",
      "tasks/T-188.md",
      "tasks/T-189.md",
      "tasks/T-191.md",
      "tasks/T-193.md",
      "tasks/T-194.md",
      "tasks/T-195.md",
      "tasks/T-196.md",
      "tasks/T-197.md",
      "tasks/T-198.md",
      "tasks/T-199.md",
      "tasks/T-200.md",
      "tasks/T-201.md",
      "tasks/T-202.md",
      "tasks/T-203.md",
      "tasks/T-204.md",
      "tasks/T-205.md",
      "tasks/T-206.md",
      "tasks/T-207.md",
      "tasks/T-208.md",
      "tasks/T-209.md",
      "tasks/T-212.md",
      "tasks/T-213.md",
      "tasks/T-214.md",
      "tasks/T-215.md",
      "tasks/T-216.md",
      "tasks/T-217.md",
      "tasks/T-218.md",
      "tasks/T-219.md",
      "tasks/T-220.md",
      "tasks/T-221.md",
      "tasks/T-222.md",
      "tasks/T-223.md",
      "tasks/T-224.md",
      "tasks/T-225.md",
      "tasks/T-226.md",
      "tasks/T-227.md",
      "tasks/T-228.md",
      "tasks/T-229.md",
      "tasks/T-230.md",
      "tasks/T-231.md",
      "tasks/T-232.md",
      "tasks/T-233.md",
      "tasks/T-234.md",
      "tasks/T-235.md",
      "tasks/T-236.md",
      "tasks/T-237.md",
      "tasks/T-238.md",
      "tasks/T-239.md",
      "tasks/T-240.md",
      "tasks/T-241.md",
      "tasks/T-242.md",
      "tasks/T-243.md",
      "tasks/T-244.md",
      "tasks/T-245.md",
      "tasks/T-246.md",
      "tasks/T-247.md",
      "tasks/T-248.md",
      "tasks/T-250.md",
      "tasks/T-251.md",
      "tasks/T-252.md",
      "tasks/T-253.md",
      "tasks/T-254.md",
      "tasks/T-255.md",
      "tasks/T-256.md",
      "tasks/T-257.md",
      "tasks/T-258.md",
      "tasks/T-259.md",
      "tasks/T-260.md",
      "tasks/T-261.md",
      "tasks/T-262.md",
      "tasks/T-263.md",
      "tasks/T-264.md",
      "tasks/T-265.md",
      "tasks/T-266.md",
      "tasks/T-267.md",
      "tasks/T-268.md",
      "tasks/T-269.md",
      "tasks/T-270.md",
      "tasks/T-271.md",
      "tasks/T-272.md",
      "tasks/T-273.md",
      "tasks/T-274.md",
      "tasks/T-275.md",
      "tasks/T-276.md",
      "tasks/T-277.md",
      "tasks/T-278.md",
      "tasks/T-279.md",
      "tasks/T-280.md",
      "tasks/T-281.md",
      "tasks/T-282.md",
      "tasks/T-283.md",
      "tasks/T-284.md",
      "tasks/T-285.md",
      "tasks/T-286.md",
      "tasks/T-287.md",
      "tasks/T-288.md",
      "tasks/T-289.md",
      "tasks/T-290.md",
      "tasks/T-291.md",
      "tasks/T-292.md",
      "tasks/T-293.md",
      "tasks/T-294.md",
      "tasks/T-295.md",
      "tasks/T-296.md",
      "tasks/T-297.md",
      "tasks/T-298.md",
      "tasks/T-299.md",
      "tasks/T-300.md",
      "tasks/T-301.md",
      "tasks/T-302.md",
      "tasks/T-303.md",
      "tasks/T-304.md",
      "tasks/T-305.md"
    ]
  },
  "reportedTasks": [
    {
      "id": "T-063",
      "canonicalRevision": 1,
      "criteria": 4,
      "authoredAcceptanceLinesPreserved": 1,
      "outsideAcceptanceSha256": "5f167561b616561efaa30171b3bb8d83fda189e1f806de17ecb97d362c6c832d"
    },
    {
      "id": "T-175",
      "canonicalRevision": 1,
      "criteria": 4,
      "authoredAcceptanceLinesPreserved": 12,
      "outsideAcceptanceSha256": "4149228cee04421861922b1315aeec9b9d71adae91e80adf07e4066e2fe0862b"
    },
    {
      "id": "T-180",
      "canonicalRevision": 1,
      "criteria": 3,
      "authoredAcceptanceLinesPreserved": 5,
      "outsideAcceptanceSha256": "2da9b6160f0f8ddeed50ce35d91f474fa743086d2db73cfa5c67652375a8a325"
    },
    {
      "id": "T-186",
      "canonicalRevision": 1,
      "criteria": 9,
      "authoredAcceptanceLinesPreserved": 13,
      "outsideAcceptanceSha256": "343128cc22d41f444c6b4bdbd16dae4ac45158005618caa905cfe5a8b79202a5"
    },
    {
      "id": "T-187",
      "canonicalRevision": 1,
      "criteria": 3,
      "authoredAcceptanceLinesPreserved": 4,
      "outsideAcceptanceSha256": "bb675a9ba69bc7e9c96b4457783e5fa32a8fe3b998ab5953911afe3c271602e0"
    },
    {
      "id": "T-194",
      "canonicalRevision": 1,
      "criteria": 5,
      "authoredAcceptanceLinesPreserved": 1,
      "outsideAcceptanceSha256": "e845a9af46bbc1fbe22404b37c7c62a1f9c2f5ca92c944fd928bcfe422e235c9"
    },
    {
      "id": "T-212",
      "canonicalRevision": 1,
      "criteria": 9,
      "authoredAcceptanceLinesPreserved": 2,
      "outsideAcceptanceSha256": "1d860463631c09bc2a6316163c20806f9187a866cc218a79815552f9aae8a079"
    },
    {
      "id": "T-213",
      "canonicalRevision": 1,
      "criteria": 5,
      "authoredAcceptanceLinesPreserved": 2,
      "outsideAcceptanceSha256": "bfe5f3f0f3ff6d395b274d068135f32cbb4b23b8f693af85528d4ca794ec538f"
    },
    {
      "id": "T-248",
      "canonicalRevision": 1,
      "criteria": 4,
      "authoredAcceptanceLinesPreserved": 5,
      "outsideAcceptanceSha256": "e3b0c44298fc1c149afbf4c8996fb92427ae41e4649b934ca495991b7852b855"
    },
    {
      "id": "T-254",
      "canonicalRevision": 1,
      "criteria": 4,
      "authoredAcceptanceLinesPreserved": 1,
      "outsideAcceptanceSha256": "968559ebdcd546df343a5a0d285e587aa925b837ee14eb031e7e662bd1639035"
    },
    {
      "id": "T-257",
      "canonicalRevision": 1,
      "criteria": 5,
      "authoredAcceptanceLinesPreserved": 1,
      "outsideAcceptanceSha256": "d2589155bd6ee497a9f551659ff18372b936259dd8ba23ea92b0a1ed917b5a90"
    },
    {
      "id": "T-261",
      "canonicalRevision": 1,
      "criteria": 4,
      "authoredAcceptanceLinesPreserved": 1,
      "outsideAcceptanceSha256": "cabb3355fac4ef43a874c4e070f713417f0efea33492d250b3f4aa88478f29ce"
    },
    {
      "id": "T-268",
      "canonicalRevision": 1,
      "criteria": 5,
      "authoredAcceptanceLinesPreserved": 1,
      "outsideAcceptanceSha256": "e3b0c44298fc1c149afbf4c8996fb92427ae41e4649b934ca495991b7852b855"
    },
    {
      "id": "T-271",
      "canonicalRevision": 1,
      "criteria": 4,
      "authoredAcceptanceLinesPreserved": 4,
      "outsideAcceptanceSha256": "e3b0c44298fc1c149afbf4c8996fb92427ae41e4649b934ca495991b7852b855"
    },
    {
      "id": "T-274",
      "canonicalRevision": 1,
      "criteria": 4,
      "authoredAcceptanceLinesPreserved": 1,
      "outsideAcceptanceSha256": "e3b0c44298fc1c149afbf4c8996fb92427ae41e4649b934ca495991b7852b855"
    }
  ],
  "checkpoints": {
    "first": {
      "ok": true,
      "reason": "manual",
      "filesHashSha256": "dc7e8cfa50a26fa08fe1621f07ce635bf1debd01e54d7fee2018c8f9798ee10d"
    },
    "second": {
      "ok": true,
      "reason": "manual",
      "filesHashSha256": "dc7e8cfa50a26fa08fe1621f07ce635bf1debd01e54d7fee2018c8f9798ee10d"
    },
    "stable": true
  },
  "store": {
    "before": {
      "logicalClock": 3218,
      "checkpointCount": 74,
      "checkpointEvents": 74,
      "eventCount": 3218
    },
    "after": {
      "logicalClock": 3220,
      "checkpointCount": 76,
      "checkpointEvents": 76,
      "eventCount": 3220
    },
    "changedTables": [
      "event_log",
      "export_checkpoint",
      "store_meta"
    ],
    "unexpectedDomainTables": []
  },
  "inputRestoration": {
    "source": "incident commit fc3a5e2",
    "currentDescriptionOutsideAcceptanceRetained": true,
    "currentAuthoredAcceptanceLinesRetained": true,
    "canonicalStoreCriteriaAndStatesRetained": true,
    "allRenderedDescriptionsStable": true
  }
}
