
> build
> npm run build:sync-engine && npm run build --workspace @mapctx/adapter-traycer


> build:sync-engine
> npm run build --workspace @mapctx/protocol && npm run build --workspace @mapctx/core && npm run build --workspace @mapctx/store && npm run build --workspace @mapctx/planner && npm run build --workspace @mapctx/forecast && npm run build --workspace @mapctx/sync-engine


> @mapctx/protocol@0.1.0 build
> tsc -p tsconfig.json


> @mapctx/core@0.1.0 build
> tsc -p tsconfig.json


> @mapctx/store@0.1.0 build
> tsc -p tsconfig.json


> @mapctx/planner@0.1.0 build
> tsc -p tsconfig.json


> @mapctx/forecast@0.1.0 build
> tsc -p tsconfig.json


> @mapctx/sync-engine@0.3.0 build
> rm -rf node_modules/@mapctx/core && tsc -p tsconfig.json && chmod +x dist/cli.js dist/mapctx-cli.js && rm -rf dist/workspace-ui && mkdir -p dist/workspace-ui && cp src/workspace-ui/workspaceV2.* dist/workspace-ui/


> @mapctx/adapter-traycer@0.1.0 build
> tsc -p tsconfig.json

src/dispatch-skeleton.ts(11,28): error TS2307: Cannot find module 'node:crypto' or its corresponding type declarations.
src/dispatch-skeleton.ts(12,42): error TS2307: Cannot find module 'node:fs' or its corresponding type declarations.
src/dispatch-skeleton.ts(13,22): error TS2307: Cannot find module 'node:path' or its corresponding type declarations.
src/dispatch-skeleton.ts(25,20): error TS2580: Cannot find name 'process'. Do you need to install type definitions for node? Try `npm i --save-dev @types/node`.
src/dispatch-skeleton.ts(28,3): error TS2580: Cannot find name 'process'. Do you need to install type definitions for node? Try `npm i --save-dev @types/node`.
src/dispatch-skeleton.ts(30,17): error TS2580: Cannot find name 'process'. Do you need to install type definitions for node? Try `npm i --save-dev @types/node`.
src/dispatch-skeleton.ts(30,41): error TS2304: Cannot find name '__dirname'.
src/dispatch-skeleton.ts(87,3): error TS2580: Cannot find name 'process'. Do you need to install type definitions for node? Try `npm i --save-dev @types/node`.
src/dispatch-skeleton.ts(115,3): error TS2580: Cannot find name 'process'. Do you need to install type definitions for node? Try `npm i --save-dev @types/node`.
src/dispatch-skeleton.ts(125,51): error TS2345: Argument of type '{ schemaVersion: number; evidence: { kind: "review" | "other" | "spec" | "ticket" | "story" | "adr"; ownerKind: "epic" | "task" | "dispatch" | "project"; ownerId: string; uri: string; artifactId: string; version: string | null; contentHash: string | null; promotedPath: string | null; }[]; ... 10 more ...; historyTie...' is not assignable to parameter of type 'Pick<{ schemaVersion: number; evidence: { kind: "review" | "other" | "spec" | "ticket" | "story" | "adr"; ownerKind: "epic" | "task" | "dispatch" | "project"; ownerId: string; uri: string; artifactId: string; version: string | null; contentHash: string | null; promotedPath: string | null; }[]; ... 10 more ...; histo...'.
  Type 'undefined' is not assignable to type 'Pick<{ schemaVersion: number; evidence: { kind: "review" | "other" | "spec" | "ticket" | "story" | "adr"; ownerKind: "epic" | "task" | "dispatch" | "project"; ownerId: string; uri: string; artifactId: string; version: string | null; contentHash: string | null; promotedPath: string | null; }[]; ... 10 more ...; histo...'.
src/dispatch-skeleton.ts(129,3): error TS2580: Cannot find name 'process'. Do you need to install type definitions for node? Try `npm i --save-dev @types/node`.
src/dispatch-skeleton.ts(135,42): error TS18048: 'receiptResult.data' is possibly 'undefined'.
src/dispatch-skeleton.ts(137,52): error TS2345: Argument of type '{ schemaVersion: number; evidence: { kind: "review" | "other" | "spec" | "ticket" | "story" | "adr"; ownerKind: "epic" | "task" | "dispatch" | "project"; ownerId: string; uri: string; artifactId: string; version: string | null; contentHash: string | null; promotedPath: string | null; }[]; ... 10 more ...; historyTie...' is not assignable to parameter of type 'Pick<{ schemaVersion: number; evidence: { kind: "review" | "other" | "spec" | "ticket" | "story" | "adr"; ownerKind: "epic" | "task" | "dispatch" | "project"; ownerId: string; uri: string; artifactId: string; version: string | null; contentHash: string | null; promotedPath: string | null; }[]; ... 10 more ...; histo...'.
  Type 'undefined' is not assignable to type 'Pick<{ schemaVersion: number; evidence: { kind: "review" | "other" | "spec" | "ticket" | "story" | "adr"; ownerKind: "epic" | "task" | "dispatch" | "project"; ownerId: string; uri: string; artifactId: string; version: string | null; contentHash: string | null; promotedPath: string | null; }[]; ... 10 more ...; histo...'.
src/dispatch-skeleton.ts(141,3): error TS2580: Cannot find name 'process'. Do you need to install type definitions for node? Try `npm i --save-dev @types/node`.
src/index.test.ts(1,20): error TS2307: Cannot find module 'node:assert/strict' or its corresponding type declarations.
src/index.test.ts(2,18): error TS2307: Cannot find module 'node:test' or its corresponding type declarations.
src/index.ts(1,40): error TS2307: Cannot find module 'node:crypto' or its corresponding type declarations.
npm error Lifecycle script `build` failed with error:
npm error code 2
npm error path /private/var/folders/43/4t8t4zqs71j1q9mym6413mkm0000gn/T/mapctx-t122-clean-530u7hbo/packages/adapter-traycer
npm error workspace @mapctx/adapter-traycer@0.1.0
npm error location /private/var/folders/43/4t8t4zqs71j1q9mym6413mkm0000gn/T/mapctx-t122-clean-530u7hbo/packages/adapter-traycer
npm error command failed
npm error command sh -c tsc -p tsconfig.json
